muckesh@C02G7BQGML7H-muckesh Day-54-Jul17 % az login
A web browser has been opened at https://login.microsoftonline.com/organizations/oauth2/v2.0/authorize. Please continue the login in the web browser. If no web browser is available or if the web browser fails to open, use device code flow with `az login --use-device-code`.

Retrieving tenants and subscriptions for the selection...
The following tenants don't contain accessible subscriptions. Use `az login --allow-no-subscriptions` to have tenant level access.
7f7268a4-7179-4a42-9837-40255b1c21e5 'Presidio Network Solutions'
6c4e0f67-00c8-475b-b1d4-cf723426db0b 'Pyramid Consulting, Inc.'

[Tenant and subscription selection]

No     Subscription name    Subscription ID                       Tenant
-----  -------------------  ------------------------------------  ----------------------------
[1] *  DevOps - Training    e34397b2-486a-417d-bd5a-b9113a4a1b0c  Presidio Networked Solutions

The default is marked with an *; the default tenant is 'Presidio Networked Solutions' and subscription is 'DevOps - Training' (e34397b2-486a-417d-bd5a-b9113a4a1b0c).

Select a subscription and tenant (Type a number or Enter for no changes): 1

Tenant: Presidio Networked Solutions
Subscription: DevOps - Training (e34397b2-486a-417d-bd5a-b9113a4a1b0c)

[Announcements]
With the new Azure CLI login experience, you can select the subscription you want to use more easily. Learn more about it and its configuration at https://go.microsoft.com/fwlink/?linkid=2271236

If you encounter any problem, please open an issue at https://aka.ms/azclibug

[Warning] The login output has been updated. Please be aware that it no longer displays the full list of available subscriptions by default.

muckesh@C02G7BQGML7H-muckesh Day-54-Jul17 % az group create --name muckesh-acr-rg --location eastus
{
  "id": "/subscriptions/e34397b2-486a-417d-bd5a-b9113a4a1b0c/resourceGroups/muckesh-acr-rg",
  "location": "eastus",
  "managedBy": null,
  "name": "muckesh-acr-rg",
  "properties": {
    "provisioningState": "Succeeded"
  },
  "tags": null,
  "type": "Microsoft.Resources/resourceGroups"
}
muckesh@C02G7BQGML7H-muckesh Day-54-Jul17 % ACR_NAME=muckesh-acr         
muckesh@C02G7BQGML7H-muckesh Day-54-Jul17 % az acr create --resource-group muckesh-acr-rg --name $ACR_NAME --sku Premium
argument error: Registry name cannot contain dashes.
muckesh@C02G7BQGML7H-muckesh Day-54-Jul17 % ACR_NAME=muckeshacr 
muckesh@C02G7BQGML7H-muckesh Day-54-Jul17 % az acr create --resource-group muckesh-acr-rg --name $ACR_NAME --sku Premium
{
  "adminUserEnabled": false,
  "anonymousPullEnabled": false,
  "autoGeneratedDomainNameLabelScope": "Unsecure",
  "creationDate": "2025-07-17T05:02:25.188107+00:00",
  "dataEndpointEnabled": false,
  "dataEndpointHostNames": [],
  "encryption": {
    "keyVaultProperties": null,
    "status": "disabled"
  },
  "id": "/subscriptions/e34397b2-486a-417d-bd5a-b9113a4a1b0c/resourceGroups/muckesh-acr-rg/providers/Microsoft.ContainerRegistry/registries/muckeshacr",
  "identity": null,
  "location": "eastus",
  "loginServer": "muckeshacr.azurecr.io",
  "metadataSearch": "Disabled",
  "name": "muckeshacr",
  "networkRuleBypassOptions": "AzureServices",
  "networkRuleSet": {
    "defaultAction": "Allow",
    "ipRules": []
  },
  "policies": {
    "azureAdAuthenticationAsArmPolicy": {
      "status": "enabled"
    },
    "exportPolicy": {
      "status": "enabled"
    },
    "quarantinePolicy": {
      "status": "disabled"
    },
    "retentionPolicy": {
      "days": 7,
      "lastUpdatedTime": "2025-07-17T05:02:30.868822+00:00",
      "status": "disabled"
    },
    "softDeletePolicy": {
      "lastUpdatedTime": "2025-07-17T05:02:30.870812+00:00",
      "retentionDays": 7,
      "status": "disabled"
    },
    "trustPolicy": {
      "status": "disabled",
      "type": "Notary"
    }
  },
  "privateEndpointConnections": [],
  "provisioningState": "Succeeded",
  "publicNetworkAccess": "Enabled",
  "resourceGroup": "muckesh-acr-rg",
  "roleAssignmentMode": "LegacyRegistryPermissions",
  "sku": {
    "name": "Premium",
    "tier": "Premium"
  },
  "status": null,
  "systemData": {
    "createdAt": "2025-07-17T05:02:25.188107+00:00",
    "createdBy": "mks@presidio.com",
    "createdByType": "User",
    "lastModifiedAt": "2025-07-17T05:02:25.188107+00:00",
    "lastModifiedBy": "mks@presidio.com",
    "lastModifiedByType": "User"
  },
  "tags": {
    "Backup": "True"
  },
  "type": "Microsoft.ContainerRegistry/registries",
  "zoneRedundancy": "Disabled"
}
muckesh@C02G7BQGML7H-muckesh Day-54-Jul17 % code Dockerfile
muckesh@C02G7BQGML7H-muckesh Day-54-Jul17 % az acr build --registry $ACR_NAME --image muckeshacrtasks:v1 .

Packing source code into tar to upload...
Uploading archived source code from '/var/folders/fs/jtv80glx6pqg94ry6z81w55m0000gn/T/build_archive_14edf9abe4ba452e8cea248dcc7b081c.tar.gz'...
Sending context (726.000 Bytes) to registry: muckeshacr...
Queued a build with ID: ca1
Waiting for an agent...
2025/07/17 05:06:36 Downloading source code...
2025/07/17 05:06:37 Finished downloading source code
2025/07/17 05:06:37 Using acb_vol_219eae3b-4af2-45dd-8593-b6025284f525 as the home volume
2025/07/17 05:06:37 Setting up Docker configuration...
2025/07/17 05:06:38 Successfully set up Docker configuration
2025/07/17 05:06:38 Logging in to registry: muckeshacr.azurecr.io
2025/07/17 05:06:38 Successfully logged into muckeshacr.azurecr.io
2025/07/17 05:06:38 Executing step ID: build. Timeout(sec): 28800, Working directory: '', Network: ''
2025/07/17 05:06:38 Scanning for dependencies...
2025/07/17 05:06:39 Successfully scanned dependencies
2025/07/17 05:06:39 Launching container with name: build
Sending build context to Docker daemon  4.608kB
Step 1/6 : FROM    node:9-alpine
9-alpine: Pulling from library/node
a073c86ecf9e: Pulling fs layer
0e28711eb56d: Pulling fs layer
e460dd483fdd: Pulling fs layer
a073c86ecf9e: Verifying Checksum
a073c86ecf9e: Download complete
e460dd483fdd: Verifying Checksum
e460dd483fdd: Download complete
a073c86ecf9e: Pull complete
0e28711eb56d: Download complete
0e28711eb56d: Pull complete
e460dd483fdd: Pull complete
Digest: sha256:8dafc0968fb4d62834d9b826d85a8feecc69bd72cd51723c62c7db67c6dec6fa
Status: Downloaded newer image for node:9-alpine
 ---> a56170f59699
Step 2/6 : ADD     https://raw.githubusercontent.com/Azure-Samples/acr-build-helloworld-node/master/package.json /

 ---> 3d1be8bac7a8
Step 3/6 : ADD     https://raw.githubusercontent.com/Azure-Samples/acr-build-helloworld-node/master/server.js /

 ---> a4715e3b7051
Step 4/6 : RUN     npm install
 ---> Running in 68db69c3214e
npm notice created a lockfile as package-lock.json. You should commit this file.
npm WARN helloworld@1.0.0 No repository field.

up to date in 0.048s
Removing intermediate container 68db69c3214e
 ---> d7e577fdac64
Step 5/6 : EXPOSE  80
 ---> Running in faf0250123d0
Removing intermediate container faf0250123d0
 ---> f331ace3c557
Step 6/6 : CMD     ["node", "server.js"]
 ---> Running in 71b495708dca
Removing intermediate container 71b495708dca
 ---> 1ce2208dc91a
Successfully built 1ce2208dc91a
Successfully tagged muckeshacr.azurecr.io/muckeshacrtasks:v1
2025/07/17 05:06:46 Successfully executed container: build
2025/07/17 05:06:46 Executing step ID: push. Timeout(sec): 3600, Working directory: '', Network: ''
2025/07/17 05:06:46 Pushing image: muckeshacr.azurecr.io/muckeshacrtasks:v1, attempt 1
The push refers to repository [muckeshacr.azurecr.io/muckeshacrtasks]
222a2e98bf63: Preparing
105fab5e99d4: Preparing
51978827661c: Preparing
172ed8ca5e43: Preparing
8c9992f4e5dd: Preparing
8dfad2055603: Preparing
8dfad2055603: Waiting
105fab5e99d4: Pushed
222a2e98bf63: Pushed
51978827661c: Pushed
172ed8ca5e43: Pushed
8dfad2055603: Pushed
8c9992f4e5dd: Pushed
v1: digest: sha256:8dd1c342f669aea41ccbbe2f86947071e37cfddfaf70271807df9f8be0df15e9 size: 1572
2025/07/17 05:06:55 Successfully pushed image: muckeshacr.azurecr.io/muckeshacrtasks:v1
2025/07/17 05:06:55 Step ID: build marked as successful (elapsed time in seconds: 7.569193)
2025/07/17 05:06:55 Populating digests for step ID: build...
2025/07/17 05:06:56 Successfully populated digests for step ID: build
2025/07/17 05:06:56 Step ID: push marked as successful (elapsed time in seconds: 9.493078)
2025/07/17 05:06:56 The following dependencies were found:
2025/07/17 05:06:56 
- image:
    registry: muckeshacr.azurecr.io
    repository: muckeshacrtasks
    tag: v1
    digest: sha256:8dd1c342f669aea41ccbbe2f86947071e37cfddfaf70271807df9f8be0df15e9
  runtime-dependency:
    registry: registry.hub.docker.com
    repository: library/node
    tag: 9-alpine
    digest: sha256:8dafc0968fb4d62834d9b826d85a8feecc69bd72cd51723c62c7db67c6dec6fa
  git: {}


Run ID: ca1 was successful after 21s
muckesh@C02G7BQGML7H-muckesh Day-54-Jul17 % az acr repository list --name $ACR_NAME --output table
Result
---------------
muckeshacrtasks
muckesh@C02G7BQGML7H-muckesh Day-54-Jul17 % az acr update -n $ACR_NAME --admin-enabled true
{
  "adminUserEnabled": true,
  "anonymousPullEnabled": false,
  "autoGeneratedDomainNameLabelScope": "Unsecure",
  "creationDate": "2025-07-17T05:02:25.188107+00:00",
  "dataEndpointEnabled": false,
  "dataEndpointHostNames": [],
  "encryption": {
    "keyVaultProperties": null,
    "status": "disabled"
  },
  "id": "/subscriptions/e34397b2-486a-417d-bd5a-b9113a4a1b0c/resourceGroups/muckesh-acr-rg/providers/Microsoft.ContainerRegistry/registries/muckeshacr",
  "identity": null,
  "location": "eastus",
  "loginServer": "muckeshacr.azurecr.io",
  "metadataSearch": "Disabled",
  "name": "muckeshacr",
  "networkRuleBypassOptions": "AzureServices",
  "networkRuleSet": {
    "defaultAction": "Allow",
    "ipRules": []
  },
  "policies": {
    "azureAdAuthenticationAsArmPolicy": {
      "status": "enabled"
    },
    "exportPolicy": {
      "status": "enabled"
    },
    "quarantinePolicy": {
      "status": "disabled"
    },
    "retentionPolicy": {
      "days": 7,
      "lastUpdatedTime": "2025-07-17T05:02:30.868822+00:00",
      "status": "disabled"
    },
    "softDeletePolicy": {
      "lastUpdatedTime": "2025-07-17T05:02:30.870812+00:00",
      "retentionDays": 7,
      "status": "disabled"
    },
    "trustPolicy": {
      "status": "disabled",
      "type": "Notary"
    }
  },
  "privateEndpointConnections": [],
  "provisioningState": "Succeeded",
  "publicNetworkAccess": "Enabled",
  "resourceGroup": "muckesh-acr-rg",
  "roleAssignmentMode": "LegacyRegistryPermissions",
  "sku": {
    "name": "Premium",
    "tier": "Premium"
  },
  "status": null,
  "systemData": {
    "createdAt": "2025-07-17T05:02:25.188107+00:00",
    "createdBy": "mks@presidio.com",
    "createdByType": "User",
    "lastModifiedAt": "2025-07-17T05:09:17.022724+00:00",
    "lastModifiedBy": "mks@presidio.com",
    "lastModifiedByType": "User"
  },
  "tags": {
    "Backup": "True"
  },
  "type": "Microsoft.ContainerRegistry/registries",
  "zoneRedundancy": "Disabled"
}
muckesh@C02G7BQGML7H-muckesh Day-54-Jul17 % az acr credential show --name $ACR_NAME
{
  "passwords": [
    {
      "name": "password",
      "value": ""
    },
    {
      "name": "password2",
      "value": ""
    }
  ],
  "username": "muckeshacr"
}
muckesh@C02G7BQGML7H-muckesh Day-54-Jul17 % az container create --resource-group muckesh-acr-rg --name muckesh-acr-tasks --image $ACR_NAME.azurecr.io/muckeshacrtasks:v1 --registry-login-server $ACR_NAME.azurecr.io --ip-address Public --location eastus --registry-username muckeshacr --registry-password <pass> --os-type Linux --cpu 1 --memory 1
{
  "confidentialComputeProperties": null,
  "containerGroupProfile": null,
  "containers": [
    {
      "command": null,
      "configMap": {
        "keyValuePairs": {}
      },
      "environmentVariables": [],
      "image": "muckeshacr.azurecr.io/muckeshacrtasks:v1",
      "instanceView": {
        "currentState": {
          "detailStatus": "",
          "exitCode": null,
          "finishTime": null,
          "startTime": "2025-07-17T05:12:36.912000+00:00",
          "state": "Running"
        },
        "events": [
          {
            "count": 1,
            "firstTimestamp": "2025-07-17T05:12:22+00:00",
            "lastTimestamp": "2025-07-17T05:12:22+00:00",
            "message": "pulling image \"muckeshacr.azurecr.io/muckeshacrtasks@sha256:8dd1c342f669aea41ccbbe2f86947071e37cfddfaf70271807df9f8be0df15e9\"",
            "name": "Pulling",
            "type": "Normal"
          },
          {
            "count": 1,
            "firstTimestamp": "2025-07-17T05:12:29+00:00",
            "lastTimestamp": "2025-07-17T05:12:29+00:00",
            "message": "Successfully pulled image \"muckeshacr.azurecr.io/muckeshacrtasks@sha256:8dd1c342f669aea41ccbbe2f86947071e37cfddfaf70271807df9f8be0df15e9\"",
            "name": "Pulled",
            "type": "Normal"
          },
          {
            "count": 1,
            "firstTimestamp": "2025-07-17T05:12:36+00:00",
            "lastTimestamp": "2025-07-17T05:12:36+00:00",
            "message": "Started container",
            "name": "Started",
            "type": "Normal"
          }
        ],
        "previousState": null,
        "restartCount": 0
      },
      "livenessProbe": null,
      "name": "muckesh-acr-tasks",
      "ports": [
        {
          "port": 80,
          "protocol": "TCP"
        }
      ],
      "readinessProbe": null,
      "resources": {
        "limits": null,
        "requests": {
          "cpu": 1.0,
          "gpu": null,
          "memoryInGb": 1.0
        }
      },
      "securityContext": null,
      "volumeMounts": null
    }
  ],
  "diagnostics": null,
  "dnsConfig": null,
  "encryptionProperties": null,
  "extensions": null,
  "id": "/subscriptions/e34397b2-486a-417d-bd5a-b9113a4a1b0c/resourceGroups/muckesh-acr-rg/providers/Microsoft.ContainerInstance/containerGroups/muckesh-acr-tasks",
  "identity": null,
  "imageRegistryCredentials": [
    {
      "identity": null,
      "identityUrl": null,
      "isDelegatedIdentity": false,
      "password": null,
      "server": "muckeshacr.azurecr.io",
      "username": "muckeshacr"
    }
  ],
  "initContainers": [],
  "instanceView": {
    "events": [],
    "state": "Running"
  },
  "ipAddress": {
    "autoGeneratedDomainNameLabelScope": null,
    "dnsNameLabel": null,
    "fqdn": null,
    "ip": "20.75.173.66",
    "ports": [
      {
        "port": 80,
        "protocol": "TCP"
      }
    ],
    "type": "Public"
  },
  "isCreatedFromStandbyPool": false,
  "location": "eastus",
  "name": "muckesh-acr-tasks",
  "osType": "Linux",
  "priority": null,
  "provisioningState": "Succeeded",
  "resourceGroup": "muckesh-acr-rg",
  "restartPolicy": null,
  "sku": "Standard",
  "standbyPoolProfile": null,
  "subnetIds": null,
  "tags": {
    "Backup": "True"
  },
  "type": "Microsoft.ContainerInstance/containerGroups",
  "volumes": null,
  "zones": null
}
muckesh@C02G7BQGML7H-muckesh Day-54-Jul17 % az container show --resource-group muckesh-acr-rg --name muckesh-acr-tasks --query ipAddress.ip --output table
Result
------------
20.75.173.66
muckesh@C02G7BQGML7H-muckesh Day-54-Jul17 % az acr replication create --registry $ACR_NAME --location westus2
{
  "id": "/subscriptions/e34397b2-486a-417d-bd5a-b9113a4a1b0c/resourceGroups/muckesh-acr-rg/providers/Microsoft.ContainerRegistry/registries/muckeshacr/replications/westus2",
  "location": "westus2",
  "name": "westus2",
  "provisioningState": "Succeeded",
  "regionEndpointEnabled": true,
  "resourceGroup": "muckesh-acr-rg",
  "status": {
    "displayStatus": "Syncing",
    "message": null,
    "timestamp": "2025-07-17T05:30:13.807049+00:00"
  },
  "systemData": {
    "createdAt": "2025-07-17T05:30:00.179033+00:00",
    "createdBy": "mks@presidio.com",
    "createdByType": "User",
    "lastModifiedAt": "2025-07-17T05:30:00.179033+00:00",
    "lastModifiedBy": "mks@presidio.com",
    "lastModifiedByType": "User"
  },
  "tags": {
    "Backup": "True"
  },
  "type": "Microsoft.ContainerRegistry/registries/replications",
  "zoneRedundancy": "Disabled"
}
muckesh@C02G7BQGML7H-muckesh Day-54-Jul17 % az acr replication list --registry $ACR_NAME --output table

NAME     LOCATION    PROVISIONING STATE    STATUS    REGION ENDPOINT ENABLED
-------  ----------  --------------------  --------  -------------------------
westus2  westus2     Succeeded             Ready     True
eastus   eastus      Succeeded             Ready     True
